// Jest Snapshot v1, https://goo.gl/fbAQLP

exports[`Chart test 1`] = `
<div
  class="site-card-wrapper"
>
  <div
    class="ant-card ant-card-bordered title"
  >
    <div
      class="ant-card-body"
    >
      <div
        class="recharts-responsive-container"
        style="width: 99%; height: 100%;"
      />
    </div>
  </div>
   
</div>
`;
